/opt/denario-venv/lib/python3.12/site-packages/denario/langgraph_agents/paper_module/LaTeX/AAS_keywords.txt
Extracting UNESCO keywords.......
Found 3 plot files to process....
Plot files: ['step_3_satellite_radial_profiles_1_20260414_163828.png', 'step_4_marked_correlation_1776184816.png', 'step_5_model_comparison_residuals_1_20260414_164420.png']
  Level 1 domains: ['ASTRONOMY & ASTROPHYSICS', 'PHYSICS', 'MATHEMATICS']
  Level 2 sub-fields for PHYSICS: ['Mechanics', 'Theoretical physics', 'Other physical specialities (specify)', 'Other physical specialities (specify)']
  Level 3 areas for Mechanics: ['Analytical mechanics', 'Continuous mechanics', 'Friction', 'Many body theory', 'Statistical mechanics', 'Solid mechanics']
  Level 3 areas for Theoretical physics: ['Mass', 'Fields', 'Gravitation', 'Gravitational fields', 'Quantum field theory', 'Theory of relativity']
  Level 2 sub-fields for MATHEMATICS: ['Analysis and functional analysis', 'Numerical analysis', 'Probability', 'Statistics']
  Level 3 areas for Analysis and functional analysis: ['Approximation theory', 'Calculus of variations', 'Difference equations', 'Functional equations', 'Integral equations', 'Potential theory']
  Level 3 areas for Numerical analysis: ['Algorithm construction', 'Error analysis', 'Interpolation', 'approximation and curve fitting', 'Iterative methods', 'Numerical differentiation', 'Quadrature']
  Level 3 areas for Probability: ['Application of probability', 'Stochastic processes', 'Markov processes', 'Analytic probability theory', 'Foundations of probability', 'Limit theorems']
  Level 3 areas for Statistics: ['Analytical statistics', 'Computing for statistics', 'Data analysis', 'Distribution and probability theory', 'Multivariate analysis', 'Techniques of statistical inference']
  Final UNESCO keywords: Data analysis, Stochastic processes, Numerical analysis, Statistical mechanics, Mass, Approximation theory, Application of probability, Statistics
........UNESCO keywords generated
✅✅.................Abstract written
✅✅✅...............Captions generated
✅................Figures generated
✅.............Introduction written
✅..................Methods written
❌✅..................Results written
✅..............Conclusions written
Compiling paper_v1_preliminary...✅✅
❌✅..........Refined results written
Compiling paper_v2_no_citations..✅✅
Paper written in 6 min 48 sec.
Cost: $0.488
